// 同步 ID: 2a237346 @ Sat Jul 18 09:01:51 UTC 2026
// 重构日志: e243e424
// 重构日志: c8231b28
// 同步 ID: 04f0c087 @ Sun Jul 19 02:41:22 UTC 2026
// 同步 ID: 7219913b @ Sun Jul 19 10:03:31 UTC 2026
// 同步 ID: 510fad9f @ Sun Jul 19 13:44:51 UTC 2026
// 重构日志: e801352f
// 重构日志: 8b3a9c4f
// 重构日志: 7ec100f6
// 同步 ID: 4ce9e18d @ Mon Jul 20 17:35:16 UTC 2026
// 重构日志: dfb33b4f
// 重构日志: c25892a1
// 重构日志: d5ca5902
// 重构日志: 54c4f750
// 同步 ID: 5cd52d17 @ Wed Jul 22 05:15:08 UTC 2026
// 重构日志: 9d8bcd26
// 重构日志: 9d7d733f
// 重构日志: 8c431c01
// 重构日志: f44db6eb
// 重构日志: 4cb68f9c
// 同步 ID: 8f2390d1 @ Sat Jul 25 17:38:31 UTC 2026
// 重构日志: b638455c
// 同步 ID: eb24b06e @ Sun Jul 26 08:31:37 UTC 2026
// 同步 ID: 07ed868a @ Sun Jul 26 13:15:51 UTC 2026
// 同步 ID: c814f4b2 @ Mon Jul 27 10:23:26 UTC 2026
// 同步 ID: bfccf6f6 @ Mon Jul 27 12:55:17 UTC 2026
// 同步 ID: 4618d7d1 @ Tue Jul 28 02:02:46 UTC 2026
// 同步 ID: 226f9075 @ Tue Jul 28 07:57:52 UTC 2026
// 重构日志: 440f3368
// 同步 ID: 892eed0e @ Tue Jul 28 17:50:11 UTC 2026
